2026-09-12 15:56:54 0 [Note] Starting MariaDB 12.3.3-MariaDB source revision 83e909fc2a0dbc394b4b683fb3fa2d7dcf26cc5e server_uid OP9pYxkhL12V3WLfaJUjVOeIn4I= as process 87777
2026-09-12 15:56:54 0 [Note] InnoDB: Compressed tables use zlib 1.3.2
2026-09-12 15:56:54 0 [Note] InnoDB: Number of transaction pools: 1
2026-09-12 15:56:54 0 [Note] InnoDB: Using crc32 + pclmulqdq instructions
2026-09-12 15:56:54 0 [Note] InnoDB: Using io_uring
2026-09-12 15:56:54 0 [Note] InnoDB: innodb_buffer_pool_size_max=8388608m, innodb_buffer_pool_size=128m
2026-09-12 15:56:54 0 [Note] InnoDB: Initialized memory pressure event listener
2026-09-12 15:56:54 0 [Note] InnoDB: Completed initialization of buffer pool
2026-09-12 15:56:54 0 [Note] InnoDB: Buffered log writes (block size=512 bytes)
2026-09-12 15:56:54 0 [Note] InnoDB: End of log at LSN=45568
2026-09-12 15:56:54 0 [Note] InnoDB: Opened 3 undo tablespaces
2026-09-12 15:56:54 0 [Note] InnoDB: 128 rollback segments in 3 undo tablespaces are active.
2026-09-12 15:56:54 0 [Note] InnoDB: Setting file './ibtmp1' size to 12.000MiB. Physically writing the file full; Please wait ...
2026-09-12 15:56:54 0 [Note] InnoDB: File './ibtmp1' size is now 12.000MiB.
2026-09-12 15:56:54 0 [Note] InnoDB: log sequence number 45568; transaction id 14
2026-09-12 15:56:54 0 [Note] InnoDB: Loading buffer pool(s) from /home/cesar/Escritorio/Proyect-Deskhub/DeskHub-Proyect/Backend/.mysql/data/ib_buffer_pool
2026-09-12 15:56:54 0 [Note] Plugin 'wsrep-provider' is disabled.
2026-09-12 15:56:54 0 [ERROR] mysqld: unknown option '--daemonize'
2026-09-12 15:56:54 0 [ERROR] Aborting
2026-09-12 15:57:04 0 [Note] Starting MariaDB 12.3.3-MariaDB source revision 83e909fc2a0dbc394b4b683fb3fa2d7dcf26cc5e server_uid OP9pYxkhL12V3WLfaJUjVOeIn4I= as process 87829
2026-09-12 15:57:04 0 [Note] InnoDB: Compressed tables use zlib 1.3.2
2026-09-12 15:57:04 0 [Note] InnoDB: Number of transaction pools: 1
2026-09-12 15:57:04 0 [Note] InnoDB: Using crc32 + pclmulqdq instructions
2026-09-12 15:57:04 0 [Note] InnoDB: Using io_uring
2026-09-12 15:57:04 0 [Note] InnoDB: innodb_buffer_pool_size_max=8388608m, innodb_buffer_pool_size=128m
2026-09-12 15:57:04 0 [Note] InnoDB: Initialized memory pressure event listener
2026-09-12 15:57:04 0 [Note] InnoDB: Completed initialization of buffer pool
2026-09-12 15:57:04 0 [Note] InnoDB: Buffered log writes (block size=512 bytes)
2026-09-12 15:57:04 0 [Note] InnoDB: End of log at LSN=45568
2026-09-12 15:57:04 0 [Note] InnoDB: Opened 3 undo tablespaces
2026-09-12 15:57:04 0 [Note] InnoDB: 128 rollback segments in 3 undo tablespaces are active.
2026-09-12 15:57:04 0 [Note] InnoDB: Setting file './ibtmp1' size to 12.000MiB. Physically writing the file full; Please wait ...
2026-09-12 15:57:04 0 [Note] InnoDB: File './ibtmp1' size is now 12.000MiB.
2026-09-12 15:57:04 0 [Note] InnoDB: log sequence number 45568; transaction id 14
2026-09-12 15:57:04 0 [Note] Plugin 'wsrep-provider' is disabled.
2026-09-12 15:57:04 0 [Note] InnoDB: Loading buffer pool(s) from /home/cesar/Escritorio/Proyect-Deskhub/DeskHub-Proyect/Backend/.mysql/data/ib_buffer_pool
2026-09-12 15:57:04 0 [Note] InnoDB: Buffer pool(s) load completed at 260912 15:57:04
2026-09-12 15:57:04 0 [Note] Server socket created on IP: '127.0.0.1', port: '3307'.
2026-09-12 15:57:04 0 [Note] mysqld: Event Scheduler: Loaded 0 events
2026-09-12 15:57:04 0 [Note] mysqld: ready for connections.
Version: '12.3.3-MariaDB'  socket: '/home/cesar/Escritorio/Proyect-Deskhub/DeskHub-Proyect/Backend/.mysql/mysql.sock'  port: 3307  Arch Linux
2026-09-12 15:57:12 0 [Note] InnoDB: Memory pressure event disregarded; innodb_buffer_pool_size=128m, innodb_buffer_pool_size_auto_min=8388608m
2026-09-12 15:57:34 0 [Note] mysqld (initiated by: unknown): Normal shutdown
2026-09-12 15:57:34 0 [Note] InnoDB: FTS optimize thread exiting.
2026-09-12 15:57:34 0 [Note] InnoDB: Starting shutdown...
2026-09-12 15:57:34 0 [Note] InnoDB: Dumping buffer pool(s) to /home/cesar/Escritorio/Proyect-Deskhub/DeskHub-Proyect/Backend/.mysql/data/ib_buffer_pool
2026-09-12 15:57:34 0 [Note] InnoDB: Buffer pool(s) dump completed at 260912 15:57:34
2026-09-12 15:57:34 0 [Note] InnoDB: Removed temporary tablespace data file: "./ibtmp1"
2026-09-12 15:57:34 0 [Note] Shutdown completed; log sequence number 45568; transaction id 15
2026-09-12 15:57:34 0 [Note] mysqld: Shutdown complete
2026-09-12 15:57:45 0 [Note] Starting MariaDB 12.3.3-MariaDB source revision 83e909fc2a0dbc394b4b683fb3fa2d7dcf26cc5e server_uid OP9pYxkhL12V3WLfaJUjVOeIn4I= as process 87970
2026-09-12 15:57:45 0 [Note] InnoDB: Compressed tables use zlib 1.3.2
2026-09-12 15:57:45 0 [Note] InnoDB: Number of transaction pools: 1
2026-09-12 15:57:45 0 [Note] InnoDB: Using crc32 + pclmulqdq instructions
2026-09-12 15:57:45 0 [Note] InnoDB: Using io_uring
2026-09-12 15:57:45 0 [Note] InnoDB: innodb_buffer_pool_size_max=8388608m, innodb_buffer_pool_size=128m
2026-09-12 15:57:45 0 [Note] InnoDB: Initialized memory pressure event listener
2026-09-12 15:57:45 0 [Note] InnoDB: Completed initialization of buffer pool
2026-09-12 15:57:45 0 [Note] InnoDB: Buffered log writes (block size=512 bytes)
2026-09-12 15:57:45 0 [Note] InnoDB: End of log at LSN=45568
2026-09-12 15:57:45 0 [Note] InnoDB: Opened 3 undo tablespaces
2026-09-12 15:57:45 0 [Note] InnoDB: 128 rollback segments in 3 undo tablespaces are active.
2026-09-12 15:57:45 0 [Note] InnoDB: Setting file './ibtmp1' size to 12.000MiB. Physically writing the file full; Please wait ...
2026-09-12 15:57:45 0 [Note] InnoDB: File './ibtmp1' size is now 12.000MiB.
2026-09-12 15:57:45 0 [Note] InnoDB: log sequence number 45568; transaction id 14
2026-09-12 15:57:45 0 [Note] InnoDB: Loading buffer pool(s) from /home/cesar/Escritorio/Proyect-Deskhub/DeskHub-Proyect/Backend/.mysql/data/ib_buffer_pool
2026-09-12 15:57:45 0 [Note] Plugin 'wsrep-provider' is disabled.
2026-09-12 15:57:45 0 [Note] InnoDB: Buffer pool(s) load completed at 260912 15:57:45
2026-09-12 15:57:45 0 [Note] Server socket created on IP: '127.0.0.1', port: '3307'.
2026-09-12 15:57:45 0 [Note] mysqld: Event Scheduler: Loaded 0 events
2026-09-12 15:57:45 0 [Note] mysqld: ready for connections.
Version: '12.3.3-MariaDB'  socket: '/home/cesar/Escritorio/Proyect-Deskhub/DeskHub-Proyect/Backend/.mysql/mysql.sock'  port: 3307  Arch Linux
2026-09-12 15:57:45 0 [Note] InnoDB: Memory pressure event disregarded; innodb_buffer_pool_size=128m, innodb_buffer_pool_size_auto_min=8388608m
2026-09-12 17:46:31 0 [Note] InnoDB: Memory pressure event disregarded; innodb_buffer_pool_size=128m, innodb_buffer_pool_size_auto_min=8388608m
2026-09-12 20:15:51 0 [Note] InnoDB: Memory pressure event disregarded; innodb_buffer_pool_size=128m, innodb_buffer_pool_size_auto_min=8388608m
2026-09-12 20:18:13 0 [Note] InnoDB: Memory pressure event disregarded; innodb_buffer_pool_size=128m, innodb_buffer_pool_size_auto_min=8388608m
2026-09-12 20:34:51 0 [Note] mysqld (initiated by: root[root] @ localhost [127.0.0.1]): Normal shutdown
2026-09-12 20:34:51 0 [Note] InnoDB: FTS optimize thread exiting.
2026-09-12 20:34:51 0 [Note] InnoDB: Starting shutdown...
2026-09-12 20:34:51 0 [Note] InnoDB: Dumping buffer pool(s) to /home/cesar/Escritorio/Proyect-Deskhub/DeskHub-Proyect/Backend/.mysql/data/ib_buffer_pool
2026-09-12 20:34:51 0 [Note] InnoDB: Buffer pool(s) dump completed at 260912 20:34:51
2026-09-12 20:34:51 0 [Note] InnoDB: Removed temporary tablespace data file: "./ibtmp1"
2026-09-12 20:34:51 0 [Note] Shutdown completed; log sequence number 80278; transaction id 69
2026-09-12 20:34:51 0 [Note] mysqld: Shutdown complete
2026-09-12 20:35:38 0 [Note] Starting MariaDB 12.3.3-MariaDB source revision 83e909fc2a0dbc394b4b683fb3fa2d7dcf26cc5e server_uid OP9pYxkhL12V3WLfaJUjVOeIn4I= as process 175169
2026-09-12 20:35:38 0 [Note] InnoDB: Compressed tables use zlib 1.3.2
2026-09-12 20:35:38 0 [Note] InnoDB: Number of transaction pools: 1
2026-09-12 20:35:38 0 [Note] InnoDB: Using crc32 + pclmulqdq instructions
2026-09-12 20:35:38 0 [Note] InnoDB: Using io_uring
2026-09-12 20:35:38 0 [Note] InnoDB: innodb_buffer_pool_size_max=8388608m, innodb_buffer_pool_size=128m
2026-09-12 20:35:38 0 [Note] InnoDB: Initialized memory pressure event listener
2026-09-12 20:35:38 0 [Note] InnoDB: Completed initialization of buffer pool
2026-09-12 20:35:38 0 [Note] InnoDB: Buffered log writes (block size=512 bytes)
2026-09-12 20:35:38 0 [Note] InnoDB: End of log at LSN=80278
2026-09-12 20:35:38 0 [Note] InnoDB: Opened 3 undo tablespaces
2026-09-12 20:35:38 0 [Note] InnoDB: 128 rollback segments in 3 undo tablespaces are active.
2026-09-12 20:35:38 0 [Note] InnoDB: Setting file './ibtmp1' size to 12.000MiB. Physically writing the file full; Please wait ...
2026-09-12 20:35:38 0 [Note] InnoDB: File './ibtmp1' size is now 12.000MiB.
2026-09-12 20:35:38 0 [Note] InnoDB: log sequence number 80278; transaction id 70
2026-09-12 20:35:38 0 [Note] InnoDB: Loading buffer pool(s) from /home/cesar/Escritorio/Proyect-Deskhub/DeskHub-Proyect/Backend/.mysql/data/ib_buffer_pool
2026-09-12 20:35:38 0 [Note] Plugin 'wsrep-provider' is disabled.
2026-09-12 20:35:38 0 [Note] InnoDB: Buffer pool(s) load completed at 260912 20:35:38
2026-09-12 20:35:39 0 [Note] Server socket created on IP: '127.0.0.1', port: '3307'.
2026-09-12 20:35:39 0 [Note] mysqld: Event Scheduler: Loaded 0 events
2026-09-12 20:35:39 0 [Note] mysqld: ready for connections.
Version: '12.3.3-MariaDB'  socket: '/home/cesar/Escritorio/Proyect-Deskhub/DeskHub-Proyect/Backend/.mysql/mysql.sock'  port: 3307  Arch Linux
2026-09-12 20:36:10 0 [Note] InnoDB: Memory pressure event disregarded; innodb_buffer_pool_size=128m, innodb_buffer_pool_size_auto_min=8388608m
2026-09-12 21:04:31 0 [Note] mysqld (initiated by: unknown): Normal shutdown
2026-09-12 21:04:31 0 [Note] InnoDB: FTS optimize thread exiting.
2026-09-12 21:04:31 0 [Note] InnoDB: Starting shutdown...
2026-09-12 21:04:31 0 [Note] InnoDB: Dumping buffer pool(s) to /home/cesar/Escritorio/Proyect-Deskhub/DeskHub-Proyect/Backend/.mysql/data/ib_buffer_pool
2026-09-12 21:04:31 0 [Note] InnoDB: Buffer pool(s) dump completed at 260912 21:04:31
2026-09-12 21:04:31 0 [Note] InnoDB: Removed temporary tablespace data file: "./ibtmp1"
2026-09-12 21:04:31 0 [Note] Shutdown completed; log sequence number 80278; transaction id 75
2026-09-12 21:04:31 0 [Note] mysqld: Shutdown complete
2026-09-13 21:42:47 0 [Note] Starting MariaDB 12.3.3-MariaDB source revision 83e909fc2a0dbc394b4b683fb3fa2d7dcf26cc5e server_uid OP9pYxkhL12V3WLfaJUjVOeIn4I= as process 192310
2026-09-13 21:42:47 0 [Note] InnoDB: Compressed tables use zlib 1.3.2
2026-09-13 21:42:47 0 [Note] InnoDB: Number of transaction pools: 1
2026-09-13 21:42:47 0 [Note] InnoDB: Using crc32 + pclmulqdq instructions
2026-09-13 21:42:47 0 [Note] InnoDB: Using io_uring
2026-09-13 21:42:47 0 [Note] InnoDB: innodb_buffer_pool_size_max=8388608m, innodb_buffer_pool_size=128m
2026-09-13 21:42:47 0 [Note] InnoDB: Initialized memory pressure event listener
2026-09-13 21:42:47 0 [Note] InnoDB: Completed initialization of buffer pool
2026-09-13 21:42:47 0 [Note] InnoDB: Buffered log writes (block size=512 bytes)
2026-09-13 21:42:47 0 [Note] InnoDB: End of log at LSN=80278
2026-09-13 21:42:47 0 [Note] InnoDB: Opened 3 undo tablespaces
2026-09-13 21:42:47 0 [Note] InnoDB: 128 rollback segments in 3 undo tablespaces are active.
2026-09-13 21:42:47 0 [Note] InnoDB: Setting file './ibtmp1' size to 12.000MiB. Physically writing the file full; Please wait ...
2026-09-13 21:42:47 0 [Note] InnoDB: File './ibtmp1' size is now 12.000MiB.
2026-09-13 21:42:47 0 [Note] InnoDB: log sequence number 80278; transaction id 70
2026-09-13 21:42:47 0 [Note] InnoDB: Loading buffer pool(s) from /home/cesar/Escritorio/Proyect-Deskhub/DeskHub-Proyect/Backend/.mysql/data/ib_buffer_pool
2026-09-13 21:42:47 0 [Note] Plugin 'wsrep-provider' is disabled.
2026-09-13 21:42:47 0 [Note] InnoDB: Buffer pool(s) load completed at 260913 21:42:47
2026-09-13 21:42:47 0 [Note] InnoDB: Memory pressure event disregarded; innodb_buffer_pool_size=128m, innodb_buffer_pool_size_auto_min=8388608m
2026-09-13 21:42:47 0 [Note] Server socket created on IP: '127.0.0.1', port: '3307'.
2026-09-13 21:42:47 0 [Note] mysqld: Event Scheduler: Loaded 0 events
2026-09-13 21:42:47 0 [Note] mysqld: ready for connections.
Version: '12.3.3-MariaDB'  socket: '/home/cesar/Escritorio/Proyect-Deskhub/DeskHub-Proyect/Backend/.mysql/mysql.sock'  port: 3307  Arch Linux
2026-09-13 22:58:31 0 [Note] InnoDB: Memory pressure event disregarded; innodb_buffer_pool_size=128m, innodb_buffer_pool_size_auto_min=8388608m
2026-09-13 23:25:26 0 [Note] InnoDB: Memory pressure event disregarded; innodb_buffer_pool_size=128m, innodb_buffer_pool_size_auto_min=8388608m
2026-09-14  0:04:21 0 [Note] InnoDB: Memory pressure event disregarded; innodb_buffer_pool_size=128m, innodb_buffer_pool_size_auto_min=8388608m
2026-09-14  0:47:42 0 [Note] InnoDB: Memory pressure event disregarded; innodb_buffer_pool_size=128m, innodb_buffer_pool_size_auto_min=8388608m
2026-09-14  0:58:23 0 [Note] InnoDB: Memory pressure event disregarded; innodb_buffer_pool_size=128m, innodb_buffer_pool_size_auto_min=8388608m
2026-09-14  2:23:37 0 [Note] InnoDB: Memory pressure event disregarded; innodb_buffer_pool_size=128m, innodb_buffer_pool_size_auto_min=8388608m
2026-09-14  3:02:14 0 [Note] mysqld (initiated by: unknown): Normal shutdown
2026-09-14  3:02:14 0 [Note] InnoDB: FTS optimize thread exiting.
2026-09-14  3:02:14 0 [Note] InnoDB: Starting shutdown...
2026-09-14  3:02:14 0 [Note] InnoDB: Dumping buffer pool(s) to /home/cesar/Escritorio/Proyect-Deskhub/DeskHub-Proyect/Backend/.mysql/data/ib_buffer_pool
2026-09-14  3:02:14 0 [Note] InnoDB: Buffer pool(s) dump completed at 260914  3:02:14
2026-09-14  3:02:14 0 [Note] InnoDB: Removed temporary tablespace data file: "./ibtmp1"
2026-09-14  3:02:14 0 [Note] Shutdown completed; log sequence number 108171; transaction id 131
2026-09-14  3:02:14 0 [Note] mysqld: Shutdown complete
2026-09-14  6:34:01 0 [Note] Starting MariaDB 12.3.3-MariaDB source revision 83e909fc2a0dbc394b4b683fb3fa2d7dcf26cc5e server_uid OP9pYxkhL12V3WLfaJUjVOeIn4I= as process 9259
2026-09-14  6:34:01 0 [Note] InnoDB: Compressed tables use zlib 1.3.2
2026-09-14  6:34:01 0 [Note] InnoDB: Number of transaction pools: 1
2026-09-14  6:34:01 0 [Note] InnoDB: Using crc32 + pclmulqdq instructions
2026-09-14  6:34:01 0 [Note] InnoDB: Using io_uring
2026-09-14  6:34:01 0 [Note] InnoDB: innodb_buffer_pool_size_max=8388608m, innodb_buffer_pool_size=128m
2026-09-14  6:34:01 0 [Note] InnoDB: Initialized memory pressure event listener
2026-09-14  6:34:01 0 [Note] InnoDB: Completed initialization of buffer pool
2026-09-14  6:34:01 0 [Note] InnoDB: Buffered log writes (block size=512 bytes)
2026-09-14  6:34:01 0 [Note] InnoDB: End of log at LSN=108171
2026-09-14  6:34:01 0 [Note] InnoDB: Opened 3 undo tablespaces
2026-09-14  6:34:01 0 [Note] InnoDB: 128 rollback segments in 3 undo tablespaces are active.
2026-09-14  6:34:01 0 [Note] InnoDB: Setting file './ibtmp1' size to 12.000MiB. Physically writing the file full; Please wait ...
2026-09-14  6:34:01 0 [Note] InnoDB: File './ibtmp1' size is now 12.000MiB.
2026-09-14  6:34:01 0 [Note] InnoDB: log sequence number 108171; transaction id 132
2026-09-14  6:34:01 0 [Note] Plugin 'wsrep-provider' is disabled.
2026-09-14  6:34:01 0 [Note] InnoDB: Loading buffer pool(s) from /home/cesar/Escritorio/Proyect-Deskhub/DeskHub-Proyect/Backend/.mysql/data/ib_buffer_pool
2026-09-14  6:34:01 0 [Note] InnoDB: Buffer pool(s) load completed at 260914  6:34:01
2026-09-14  6:34:01 0 [Note] Server socket created on IP: '127.0.0.1', port: '3307'.
2026-09-14  6:34:01 0 [Note] mysqld: Event Scheduler: Loaded 0 events
2026-09-14  6:34:01 0 [Note] mysqld: ready for connections.
Version: '12.3.3-MariaDB'  socket: '/home/cesar/Escritorio/Proyect-Deskhub/DeskHub-Proyect/Backend/.mysql/mysql.sock'  port: 3307  Arch Linux
2026-09-15 17:51:28 0 [Note] Starting MariaDB 12.3.3-MariaDB source revision 83e909fc2a0dbc394b4b683fb3fa2d7dcf26cc5e server_uid OP9pYxkhL12V3WLfaJUjVOeIn4I= as process 41918
2026-09-15 17:51:28 0 [Note] InnoDB: Compressed tables use zlib 1.3.2
2026-09-15 17:51:28 0 [Note] InnoDB: Number of transaction pools: 1
2026-09-15 17:51:28 0 [Note] InnoDB: Using crc32 + pclmulqdq instructions
2026-09-15 17:51:28 0 [Note] InnoDB: Using io_uring
2026-09-15 17:51:28 0 [Note] InnoDB: innodb_buffer_pool_size_max=8388608m, innodb_buffer_pool_size=128m
2026-09-15 17:51:28 0 [Note] InnoDB: Initialized memory pressure event listener
2026-09-15 17:51:28 0 [Note] InnoDB: Completed initialization of buffer pool
2026-09-15 17:51:28 0 [Note] InnoDB: Buffered log writes (block size=512 bytes)
2026-09-15 17:51:28 0 [Note] InnoDB: End of log at LSN=108171
2026-09-15 17:51:28 0 [Note] InnoDB: Opened 3 undo tablespaces
2026-09-15 17:51:28 0 [Note] InnoDB: 128 rollback segments in 3 undo tablespaces are active.
2026-09-15 17:51:28 0 [Note] InnoDB: Removed temporary tablespace data file: "./ibtmp1"
2026-09-15 17:51:28 0 [Note] InnoDB: Setting file './ibtmp1' size to 12.000MiB. Physically writing the file full; Please wait ...
2026-09-15 17:51:28 0 [Note] InnoDB: File './ibtmp1' size is now 12.000MiB.
2026-09-15 17:51:28 0 [Note] InnoDB: log sequence number 108171; transaction id 132
2026-09-15 17:51:29 0 [Note] InnoDB: Loading buffer pool(s) from /home/cesar/Escritorio/Proyect-Deskhub/DeskHub-Proyect/Backend/.mysql/data/ib_buffer_pool
2026-09-15 17:51:29 0 [Note] Plugin 'wsrep-provider' is disabled.
2026-09-15 17:51:29 0 [ERROR] InnoDB: Operating system error number 2 in a file operation.
2026-09-15 17:51:29 0 [ERROR] InnoDB: Error number 2 means 'No such file or directory'
2026-09-15 17:51:29 0 [Note] InnoDB: Some operating system error numbers are described at https://mariadb.com/docs/server/reference/error-codes/operating-system-error-codes
2026-09-15 17:51:29 0 [ERROR] InnoDB: Cannot open datafile for read-only: './deskhub/space_images.ibd' OS error: 71
2026-09-15 17:51:29 0 [ERROR] InnoDB: Could not find a valid tablespace file for deskhub/space_images. Please refer to https://mariadb.com/docs/server/server-usage/storage-engines/innodb/innodb-troubleshooting/innodb-data-dictionary-troubleshooting for how to resolve the issue.
2026-09-15 17:51:29 0 [Warning] InnoDB: Ignoring tablespace for deskhub/space_images because it could not be opened.
2026-09-15 17:51:29 0 [Note] InnoDB: Buffer pool(s) load completed at 260915 17:51:28
2026-09-15 17:51:29 0 [Note] Server socket created on IP: '127.0.0.1', port: '3307'.
2026-09-15 17:51:29 0 [Note] mysqld: Event Scheduler: Loaded 0 events
2026-09-15 17:51:29 0 [Note] mysqld: ready for connections.
Version: '12.3.3-MariaDB'  socket: '/home/cesar/Escritorio/Proyect-Deskhub/DeskHub-Proyect/Backend/.mysql/mysql.sock'  port: 3307  Arch Linux
2026-09-15 17:51:33 7 [ERROR] InnoDB: Operating system error number 2 in a file operation.
2026-09-15 17:51:33 7 [ERROR] InnoDB: Error number 2 means 'No such file or directory'
2026-09-15 17:51:33 7 [Note] InnoDB: Some operating system error numbers are described at https://mariadb.com/docs/server/reference/error-codes/operating-system-error-codes
2026-09-15 17:51:33 7 [ERROR] InnoDB: Cannot open datafile for read-only: './deskhub/space_images.ibd' OS error: 71
2026-09-15 17:51:33 7 [ERROR] InnoDB: Could not find a valid tablespace file for deskhub/space_images. Please refer to https://mariadb.com/docs/server/server-usage/storage-engines/innodb/innodb-troubleshooting/innodb-data-dictionary-troubleshooting for how to resolve the issue.
2026-09-15 17:51:33 9 [Warning] Aborted connection 9 to db: 'deskhub' user: 'root' host: 'localhost' (Got an error reading communication packets)
2026-09-15 17:51:34 0 [Note] InnoDB: Memory pressure event disregarded; innodb_buffer_pool_size=128m, innodb_buffer_pool_size_auto_min=8388608m
2026-09-16 11:38:08 0 [Note] mysqld (initiated by: unknown): Normal shutdown
2026-09-16 11:38:08 0 [Note] InnoDB: FTS optimize thread exiting.
2026-09-16 11:38:08 0 [Note] InnoDB: Starting shutdown...
2026-09-16 11:38:08 0 [Note] InnoDB: Dumping buffer pool(s) to /home/cesar/Escritorio/Proyect-Deskhub/DeskHub-Proyect/Backend/.mysql/data/ib_buffer_pool
2026-09-16 11:38:08 0 [Note] InnoDB: Buffer pool(s) dump completed at 260916 11:38:08
2026-09-16 11:38:08 0 [Note] InnoDB: Removed temporary tablespace data file: "./ibtmp1"
2026-09-16 11:38:08 0 [Note] Shutdown completed; log sequence number 108213; transaction id 139
2026-09-16 11:38:08 0 [Note] mysqld: Shutdown complete
2026-09-16 16:54:57 0 [Note] Starting MariaDB 12.3.3-MariaDB source revision 83e909fc2a0dbc394b4b683fb3fa2d7dcf26cc5e server_uid OP9pYxkhL12V3WLfaJUjVOeIn4I= as process 39668
2026-09-16 16:54:57 0 [Note] InnoDB: Compressed tables use zlib 1.3.2
2026-09-16 16:54:57 0 [Note] InnoDB: Number of transaction pools: 1
2026-09-16 16:54:57 0 [Note] InnoDB: Using crc32 + pclmulqdq instructions
2026-09-16 16:54:57 0 [Note] InnoDB: Using io_uring
2026-09-16 16:54:57 0 [Note] InnoDB: innodb_buffer_pool_size_max=8388614m, innodb_buffer_pool_size=128m
2026-09-16 16:54:57 0 [Note] InnoDB: Initialized memory pressure event listener
2026-09-16 16:54:57 0 [Note] InnoDB: Completed initialization of buffer pool
2026-09-16 16:54:57 0 [Note] InnoDB: Buffered log writes (block size=512 bytes)
2026-09-16 16:54:57 0 [Note] InnoDB: End of log at LSN=108213
2026-09-16 16:54:57 0 [Note] InnoDB: Opened 3 undo tablespaces
2026-09-16 16:54:57 0 [Note] InnoDB: 128 rollback segments in 3 undo tablespaces are active.
2026-09-16 16:54:57 0 [Note] InnoDB: Setting file './ibtmp1' size to 12.000MiB. Physically writing the file full; Please wait ...
2026-09-16 16:54:57 0 [Note] InnoDB: File './ibtmp1' size is now 12.000MiB.
2026-09-16 16:54:57 0 [Note] InnoDB: log sequence number 108213; transaction id 132
2026-09-16 16:54:57 0 [Note] InnoDB: Loading buffer pool(s) from /home/cesar/Escritorio/Proyect-Deskhub/DeskHub-Proyect/Backend/.mysql/data/ib_buffer_pool
2026-09-16 16:54:57 0 [Note] Plugin 'wsrep-provider' is disabled.
2026-09-16 16:54:57 0 [Note] InnoDB: Buffer pool(s) load completed at 260916 16:54:57
2026-09-16 16:54:57 0 [Note] Server socket created on IP: '127.0.0.1', port: '3307'.
2026-09-16 16:54:57 0 [Note] mysqld: Event Scheduler: Loaded 0 events
2026-09-16 16:54:57 0 [Note] mysqld: ready for connections.
Version: '12.3.3-MariaDB'  socket: '/home/cesar/Escritorio/Proyect-Deskhub/DeskHub-Proyect/Backend/.mysql/mysql.sock'  port: 3307  Arch Linux
2026-09-16 16:54:58 7 [ERROR] InnoDB: Operating system error number 2 in a file operation.
2026-09-16 16:54:58 7 [ERROR] InnoDB: Error number 2 means 'No such file or directory'
2026-09-16 16:54:58 7 [Note] InnoDB: Some operating system error numbers are described at https://mariadb.com/docs/server/reference/error-codes/operating-system-error-codes
2026-09-16 16:54:58 7 [ERROR] InnoDB: Cannot open datafile for read-only: './deskhub/space_images.ibd' OS error: 71
2026-09-16 16:54:58 7 [ERROR] InnoDB: Could not find a valid tablespace file for deskhub/space_images. Please refer to https://mariadb.com/docs/server/server-usage/storage-engines/innodb/innodb-troubleshooting/innodb-data-dictionary-troubleshooting for how to resolve the issue.
2026-09-16 16:54:59 9 [Warning] Aborted connection 9 to db: 'deskhub' user: 'root' host: 'localhost' (Got an error reading communication packets)
2026-09-16 16:57:56 0 [Note] mysqld (initiated by: root[root] @ localhost [127.0.0.1]): Normal shutdown
2026-09-16 16:57:56 0 [Note] InnoDB: FTS optimize thread exiting.
2026-09-16 16:57:56 0 [Note] InnoDB: Starting shutdown...
2026-09-16 16:57:56 0 [Note] InnoDB: Dumping buffer pool(s) to /home/cesar/Escritorio/Proyect-Deskhub/DeskHub-Proyect/Backend/.mysql/data/ib_buffer_pool
2026-09-16 16:57:56 0 [Note] InnoDB: Buffer pool(s) dump completed at 260916 16:57:56
2026-09-16 16:57:56 0 [Note] InnoDB: Removed temporary tablespace data file: "./ibtmp1"
2026-09-16 16:57:56 0 [Note] Shutdown completed; log sequence number 168909; transaction id 224
2026-09-16 16:57:56 0 [Note] mysqld: Shutdown complete
2026-09-16 17:00:30 0 [Note] Starting MariaDB 12.3.3-MariaDB source revision 83e909fc2a0dbc394b4b683fb3fa2d7dcf26cc5e server_uid OP9pYxkhL12V3WLfaJUjVOeIn4I= as process 41711
2026-09-16 17:00:30 0 [Note] InnoDB: Compressed tables use zlib 1.3.2
2026-09-16 17:00:30 0 [Note] InnoDB: Number of transaction pools: 1
2026-09-16 17:00:30 0 [Note] InnoDB: Using crc32 + pclmulqdq instructions
2026-09-16 17:00:30 0 [Note] InnoDB: Using io_uring
2026-09-16 17:00:30 0 [Note] InnoDB: innodb_buffer_pool_size_max=8388608m, innodb_buffer_pool_size=128m
2026-09-16 17:00:30 0 [Note] InnoDB: Initialized memory pressure event listener
2026-09-16 17:00:30 0 [Note] InnoDB: Completed initialization of buffer pool
2026-09-16 17:00:30 0 [Note] InnoDB: Buffered log writes (block size=512 bytes)
2026-09-16 17:00:30 0 [Note] InnoDB: End of log at LSN=168909
2026-09-16 17:00:30 0 [Note] InnoDB: Opened 3 undo tablespaces
2026-09-16 17:00:30 0 [Note] InnoDB: 128 rollback segments in 3 undo tablespaces are active.
2026-09-16 17:00:30 0 [Note] InnoDB: Setting file './ibtmp1' size to 12.000MiB. Physically writing the file full; Please wait ...
2026-09-16 17:00:30 0 [Note] InnoDB: File './ibtmp1' size is now 12.000MiB.
2026-09-16 17:00:30 0 [Note] InnoDB: log sequence number 168909; transaction id 225
2026-09-16 17:00:30 0 [Note] Plugin 'wsrep-provider' is disabled.
2026-09-16 17:00:30 0 [Note] InnoDB: Loading buffer pool(s) from /home/cesar/Escritorio/Proyect-Deskhub/DeskHub-Proyect/Backend/.mysql/data/ib_buffer_pool
2026-09-16 17:00:30 0 [Note] InnoDB: Buffer pool(s) load completed at 260916 17:00:30
2026-09-16 17:00:30 0 [Note] Server socket created on IP: '127.0.0.1', port: '3307'.
2026-09-16 17:00:30 0 [Note] mysqld: Event Scheduler: Loaded 0 events
2026-09-16 17:00:30 0 [Note] mysqld: ready for connections.
Version: '12.3.3-MariaDB'  socket: '/home/cesar/Escritorio/Proyect-Deskhub/DeskHub-Proyect/Backend/.mysql/mysql.sock'  port: 3307  Arch Linux
2026-09-16 17:14:46 0 [Note] Starting MariaDB 12.3.3-MariaDB source revision 83e909fc2a0dbc394b4b683fb3fa2d7dcf26cc5e server_uid OP9pYxkhL12V3WLfaJUjVOeIn4I= as process 48584
2026-09-16 17:14:46 0 [ERROR] mysqld: Can't lock aria control file '/home/cesar/Escritorio/Proyect-Deskhub/DeskHub-Proyect/Backend/.mysql/data/aria_log_control' for exclusive use, error: 11. Will retry for 30 seconds
2026-09-16 17:15:16 0 [ERROR] mysqld: Got error 'Could not get an exclusive lock; file is probably in use by another process' when trying to use aria control file '/home/cesar/Escritorio/Proyect-Deskhub/DeskHub-Proyect/Backend/.mysql/data/aria_log_control'
2026-09-16 17:15:16 0 [ERROR] Plugin 'Aria' registration as a STORAGE ENGINE failed.
2026-09-16 17:15:16 0 [Note] InnoDB: Compressed tables use zlib 1.3.2
2026-09-16 17:15:16 0 [Note] InnoDB: Number of transaction pools: 1
2026-09-16 17:15:16 0 [Note] InnoDB: Using crc32 + pclmulqdq instructions
2026-09-16 17:15:16 0 [Note] InnoDB: Using io_uring
2026-09-16 17:15:16 0 [Note] InnoDB: innodb_buffer_pool_size_max=8388614m, innodb_buffer_pool_size=128m
2026-09-16 17:15:16 0 [Note] InnoDB: Initialized memory pressure event listener
2026-09-16 17:15:16 0 [Note] InnoDB: Completed initialization of buffer pool
2026-09-16 17:15:16 0 [Note] InnoDB: Buffered log writes (block size=512 bytes)
2026-09-16 17:15:16 0 [ERROR] InnoDB: Unable to lock ./ibdata1 error: 11
2026-09-16 17:15:16 0 [Note] InnoDB: Check that you do not already have another mariadbd process using the same InnoDB data or log files.
2026-09-16 17:15:16 0 [ERROR] InnoDB: Plugin initialization aborted with error Generic error
2026-09-16 17:15:16 0 [Note] InnoDB: Starting shutdown...
2026-09-16 17:15:16 0 [ERROR] Plugin 'InnoDB' registration as a STORAGE ENGINE failed.
2026-09-16 17:15:16 0 [Note] Plugin 'wsrep-provider' is disabled.
2026-09-16 17:15:16 0 [ERROR] Could not open mysql.plugin table: "Unknown storage engine 'Aria'". Some plugins may be not loaded
2026-09-16 17:15:16 0 [ERROR] Failed to initialize plugins.
2026-09-16 17:15:16 0 [ERROR] Aborting
2026-09-16 17:16:41 0 [Note] mysqld (initiated by: root[root] @ localhost [127.0.0.1]): Normal shutdown
2026-09-16 17:16:41 0 [Note] InnoDB: FTS optimize thread exiting.
2026-09-16 17:16:41 0 [Note] InnoDB: Starting shutdown...
2026-09-16 17:16:41 0 [Note] InnoDB: Dumping buffer pool(s) to /home/cesar/Escritorio/Proyect-Deskhub/DeskHub-Proyect/Backend/.mysql/data/ib_buffer_pool
2026-09-16 17:16:41 0 [Note] InnoDB: Buffer pool(s) dump completed at 260916 17:16:41
2026-09-16 17:16:41 0 [Note] InnoDB: Removed temporary tablespace data file: "./ibtmp1"
2026-09-16 17:16:41 0 [Note] Shutdown completed; log sequence number 179314; transaction id 249
2026-09-16 17:16:41 0 [Note] mysqld: Shutdown complete
2026-09-16 17:25:59 0 [Note] Starting MariaDB 12.3.3-MariaDB source revision 83e909fc2a0dbc394b4b683fb3fa2d7dcf26cc5e server_uid OP9pYxkhL12V3WLfaJUjVOeIn4I= as process 53979
2026-09-16 17:25:59 0 [Note] InnoDB: Compressed tables use zlib 1.3.2
2026-09-16 17:25:59 0 [Note] InnoDB: Number of transaction pools: 1
2026-09-16 17:25:59 0 [Note] InnoDB: Using crc32 + pclmulqdq instructions
2026-09-16 17:25:59 0 [Note] InnoDB: Using io_uring
2026-09-16 17:25:59 0 [Note] InnoDB: innodb_buffer_pool_size_max=8388608m, innodb_buffer_pool_size=128m
2026-09-16 17:25:59 0 [Note] InnoDB: Initialized memory pressure event listener
2026-09-16 17:25:59 0 [Note] InnoDB: Completed initialization of buffer pool
2026-09-16 17:25:59 0 [Note] InnoDB: Buffered log writes (block size=512 bytes)
2026-09-16 17:25:59 0 [Note] InnoDB: End of log at LSN=179314
2026-09-16 17:25:59 0 [Note] InnoDB: Opened 3 undo tablespaces
2026-09-16 17:25:59 0 [Note] InnoDB: 128 rollback segments in 3 undo tablespaces are active.
2026-09-16 17:25:59 0 [Note] InnoDB: Setting file './ibtmp1' size to 12.000MiB. Physically writing the file full; Please wait ...
2026-09-16 17:25:59 0 [Note] InnoDB: File './ibtmp1' size is now 12.000MiB.
2026-09-16 17:25:59 0 [Note] InnoDB: log sequence number 179314; transaction id 250
2026-09-16 17:25:59 0 [Note] InnoDB: Loading buffer pool(s) from /home/cesar/Escritorio/Proyect-Deskhub/DeskHub-Proyect/Backend/.mysql/data/ib_buffer_pool
2026-09-16 17:25:59 0 [Note] Plugin 'wsrep-provider' is disabled.
2026-09-16 17:25:59 0 [Note] InnoDB: Buffer pool(s) load completed at 260916 17:25:59
2026-09-16 17:25:59 0 [Note] Server socket created on IP: '127.0.0.1', port: '3307'.
2026-09-16 17:25:59 0 [Note] mysqld: Event Scheduler: Loaded 0 events
2026-09-16 17:25:59 0 [Note] mysqld: ready for connections.
Version: '12.3.3-MariaDB'  socket: '/home/cesar/Escritorio/Proyect-Deskhub/DeskHub-Proyect/Backend/.mysql/mysql.sock'  port: 3307  Arch Linux
2026-09-16 17:28:33 0 [Note] mysqld (initiated by: root[root] @ localhost [127.0.0.1]): Normal shutdown
2026-09-16 17:28:33 0 [Note] InnoDB: FTS optimize thread exiting.
2026-09-16 17:28:33 0 [Note] InnoDB: Starting shutdown...
2026-09-16 17:28:33 0 [Note] InnoDB: Dumping buffer pool(s) to /home/cesar/Escritorio/Proyect-Deskhub/DeskHub-Proyect/Backend/.mysql/data/ib_buffer_pool
2026-09-16 17:28:33 0 [Note] InnoDB: Buffer pool(s) dump completed at 260916 17:28:33
2026-09-16 17:28:33 0 [Note] InnoDB: Removed temporary tablespace data file: "./ibtmp1"
2026-09-16 17:28:33 0 [Note] Shutdown completed; log sequence number 179314; transaction id 256
2026-09-16 17:28:33 0 [Note] mysqld: Shutdown complete
